// Jest Snapshot v1, https://goo.gl/fbAQLP

exports[`should render Regulatory component 1`] = `
<ContextProvider
  value={
    Object {
      "store": Object {
        "dispatch": [Function],
        "getState": [Function],
        "replaceReducer": [Function],
        "subscribe": [Function],
        Symbol(observable): [Function],
      },
      "subscription": Subscription {
        "handleChangeWrapper": [Function],
        "listeners": Object {
          "notify": [Function],
        },
        "onStateChange": [Function],
        "parentSub": undefined,
        "store": Object {
          "dispatch": [Function],
          "getState": [Function],
          "replaceReducer": [Function],
          "subscribe": [Function],
          Symbol(observable): [Function],
        },
        "unsubscribe": null,
      },
    }
  }
>
  <Connect(DashboardActions)
    apiEndpoint="/users/count_active"
    count={2}
    icon={<ForwardRef(RightCircleOutlined) />}
    isLoading={false}
    itemInfo="Software upgrade due"
    itemTitle="Active"
    loc={
      Object {
        "addLink": "/addlocation",
        "link": "/",
      }
    }
    onClick={[Function]}
    title="Missions"
  />
</ContextProvider>
`;
