// Jest Snapshot v1, https://goo.gl/fbAQLP

exports[`should render Badge component 1`] = `
<Badge
  count={5}
  overflowCount={99}
  size="small"
/>
`;
